[shtheme.com/demosd/noda/index5514.html]
[shtheme.com/demosd/noda/wp-content/uploads/2023/11/favicon.png]
[backblue.gif]
[fade.gif]
[index.html]
[shtheme.com/demosd/noda/wp-content/plugins/contact-form-7/includes/css/styles69c8.css]
[shtheme.com/demosd/noda/wp-content/plugins/noda-common/redux-framework/redux-core/assets/css/extendify-utilitiescb95.css]
[shtheme.com/demosd/noda/indexd784.html]
[shtheme.com/demosd/noda/wp-content/themes/noda/assets/css/bootstrap.min8f99.css]
[shtheme.com/demosd/noda/wp-content/themes/noda/assets/css/owl.carousel.min8f99.css]
[shtheme.com/demosd/noda/wp-content/themes/noda/assets/css/owl.theme.default.min8f99.css]
[shtheme.com/demosd/noda/wp-content/themes/noda/assets/css/animate.min8f99.css]
[shtheme.com/demosd/noda/indexa6da.html]
[shtheme.com/demosd/noda/wp-content/themes/noda/assets/css/icon/flaticon8f99.css]
[shtheme.com/demosd/noda/wp-content/themes/noda/assets/css/magnific-popup8f99.css]
[shtheme.com/demosd/noda/wp-content/themes/noda/assets/css/YouTubePopUp8f99.css]
[shtheme.com/demosd/noda/wp-content/themes/noda/assets/css/icon/font-awesome-pro8f99.css]
[shtheme.com/demosd/noda/wp-content/themes/noda/assets/css/vegas.slider.min8f99.css]
[shtheme.com/demosd/noda/wp-content/themes/noda/assets/css/before-after8f99.css]
[shtheme.com/demosd/noda/wp-content/themes/noda/stylebcc6.css]
[shtheme.com/demosd/noda/wp-content/plugins/elementor/assets/css/frontend-lite.minaad7.css]
[shtheme.com/demosd/noda/wp-content/plugins/elementor/assets/lib/swiper/v8/css/swiper.min94a4.css]
[shtheme.com/demosd/noda/wp-content/uploads/elementor/css/post-617e0.css]
[shtheme.com/demosd/noda/wp-content/uploads/elementor/css/global17e0.css]
[shtheme.com/demosd/noda/wp-content/plugins/noda-common/redux-framework/redux-core/assets/css/vendor/elusive-icons001e.css]
[shtheme.com/demosd/noda/wp-content/plugins/elementor/assets/lib/font-awesome/css/font-awesome.min1849.css]
[shtheme.com/demosd/noda/wp-content/plugins/noda-common/redux-framework/redux-core/assets/font-awesome/css/v4-shims91f3.css]
[cdnjs.cloudflare.com/ajax/libs/font-awesome/5.9.0/css/allcb95.css]
[shtheme.com/demosd/noda/wp-includes/js/jquery/jquery.minf43b.js]
[shtheme.com/demosd/noda/wp-includes/js/jquery/jquery-migrate.min5589.js]
[shtheme.com/demosd/noda/index52f0.json]
[shtheme.com/demosd/noda/index79cc.json]
[shtheme.com/demosd/noda/xmlrpc0db0.php]
[shtheme.com/demosd/noda/index1c44.json]
[shtheme.com/demosd/noda/indexcd09.php]
[shtheme.com/demosd/noda/wp-content/themes/noda/assets/css/light/style.css]
[shtheme.com/demosd/noda/wp-content/uploads/2023/12/logo-dark.png]
[shtheme.com/demosd/noda/wp-content/uploads/2023/12/slider.jpg]
[shtheme.com/demosd/noda/wp-content/uploads/2023/12/5.jpg]
[shtheme.com/demosd/noda/indexae1a.html]
[shtheme.com/demosd/noda/wp-content/uploads/2023/12/6.jpg]
[shtheme.com/demosd/noda/index763e.html]
[shtheme.com/demosd/noda/wp-content/uploads/2023/12/4.jpg]
[shtheme.com/demosd/noda/index4530.html]
[shtheme.com/demosd/noda/indexf049.html]
[shtheme.com/demosd/noda/indexf62f.html]
[shtheme.com/demosd/noda/wp-content/uploads/2023/12/2.jpg]
[shtheme.com/demosd/noda/indexa902.html]
[shtheme.com/demosd/noda/wp-content/uploads/2023/12/3.jpg]
[shtheme.com/demosd/noda/index714a.html]
[shtheme.com/demosd/noda/index8121.html]
[shtheme.com/demosd/noda/index5b56.html]
[shtheme.com/demosd/noda/wp-content/uploads/2023/12/1-1.jpg]
[shtheme.com/demosd/noda/index1703.html]
[shtheme.com/demosd/noda/wp-content/uploads/2023/12/1-1.png]
[shtheme.com/demosd/noda/indexad75.html]
[shtheme.com/demosd/noda/indexe6db.html]
[shtheme.com/demosd/noda/wp-content/uploads/2023/12/2-1.png]
[shtheme.com/demosd/noda/index36e1.html]
[shtheme.com/demosd/noda/index760e.html]
[shtheme.com/demosd/noda/wp-content/uploads/2023/12/3-1.png]
[shtheme.com/demosd/noda/indexacbb.html]
[shtheme.com/demosd/noda/wp-content/uploads/2023/12/4-1.png]
[shtheme.com/demosd/noda/indexc7d7.html]
[shtheme.com/demosd/noda/index3ba0.html]
[shtheme.com/demosd/noda/wp-content/uploads/2023/12/5-1.png]
[shtheme.com/demosd/noda/indexbb82.html]
[shtheme.com/demosd/noda/index0594.html]
[shtheme.com/demosd/noda/indexedfb.html]
[shtheme.com/demosd/noda/wp-content/uploads/2023/12/6-1.png]
[shtheme.com/demosd/noda/index0b23.html]
[shtheme.com/demosd/noda/wp-content/uploads/2023/12/about.jpg]
[shtheme.com/demosd/noda/index346e.html]
[shtheme.com/demosd/noda/wp-content/uploads/2023/12/04.jpg]
[shtheme.com/demosd/noda/index65e2.html]
[shtheme.com/demosd/noda/index3526.html]
[shtheme.com/demosd/noda/wp-content/uploads/2023/12/01.jpg]
[shtheme.com/demosd/noda/wp-content/uploads/2023/12/02-1.jpg]
[shtheme.com/demosd/noda/indexc33b.html]
[shtheme.com/demosd/noda/wp-content/uploads/2023/12/03-1.jpg]
[shtheme.com/demosd/noda/index21bf.html]
[shtheme.com/demosd/noda/wp-content/uploads/2023/11/4-2.jpg]
[shtheme.com/demosd/noda/wp-content/uploads/2023/10/3.jpg]
[shtheme.com/demosd/noda/index8271.html]
[shtheme.com/demosd/noda/index8cb4.html]
[shtheme.com/demosd/noda/index605b.html]
[shtheme.com/demosd/noda/wp-content/uploads/2023/09/5.jpg]
[shtheme.com/demosd/noda/indexb946.html]
[shtheme.com/demosd/noda/wp-content/uploads/2023/08/2.jpg]
[shtheme.com/demosd/noda/indexaa1e.html]
[shtheme.com/demosd/noda/indexfbd5.html]
[shtheme.com/demosd/noda/index81ea.html]
[shtheme.com/demosd/noda/wp-content/uploads/2023/07/1.jpg]
[shtheme.com/demosd/noda/wp-content/uploads/2023/12/02.jpg]
[shtheme.com/demosd/noda/index4170.html]
[shtheme.com/demosd/noda/index49b1.html]
[shtheme.com/demosd/noda/wp-content/uploads/2023/12/03.jpg]
[shtheme.com/demosd/noda/index3f7b.html]
[shtheme.com/demosd/noda/hi@makeup.com]
[shtheme.com/demosd/noda/index5e74.html]
[shtheme.com/demosd/noda/wp-content/plugins/contact-form-7/includes/swv/js/index69c8.js]
[shtheme.com/demosd/noda/wp-content/plugins/contact-form-7/includes/js/index69c8.js]
[shtheme.com/demosd/noda/wp-content/themes/noda/assets/js/jquery-3.7.1.min8f99.js]
[shtheme.com/demosd/noda/wp-content/themes/noda/assets/js/modernizr-2.6.2.min8f99.js]
[shtheme.com/demosd/noda/wp-includes/js/imagesloaded.minbb93.js]
[shtheme.com/demosd/noda/wp-content/themes/noda/assets/js/jquery.isotope.v3.0.28f99.js]
[shtheme.com/demosd/noda/wp-content/themes/noda/assets/js/bootstrap.min8f99.js]
[shtheme.com/demosd/noda/wp-content/themes/noda/assets/js/scrollIt.min8f99.js]
[shtheme.com/demosd/noda/wp-content/themes/noda/assets/js/jquery.waypoints.min8f99.js]
[shtheme.com/demosd/noda/wp-content/themes/noda/assets/js/popper.min8f99.js]
[shtheme.com/demosd/noda/wp-content/themes/noda/assets/js/owl.carousel.min8f99.js]
[shtheme.com/demosd/noda/wp-content/themes/noda/assets/js/jquery.stellar.min8f99.js]
[shtheme.com/demosd/noda/wp-content/themes/noda/assets/js/jquery.magnific-popup8f99.js]
[shtheme.com/demosd/noda/wp-content/themes/noda/assets/js/YouTubePopUp8f99.js]
[shtheme.com/demosd/noda/wp-content/themes/noda/assets/js/before-after8f99.js]
[shtheme.com/demosd/noda/wp-content/themes/noda/assets/js/jquery.easing.1.38f99.js]
[shtheme.com/demosd/noda/wp-content/themes/noda/assets/js/smooth-scroll.min8f99.js]
[shtheme.com/demosd/noda/wp-content/themes/noda/assets/js/wow8f99.js]
[shtheme.com/demosd/noda/wp-content/themes/noda/assets/js/vegas.slider.min8f99.js]
[shtheme.com/demosd/noda/wp-content/themes/noda/assets/js/custom8f99.js]
[shtheme.com/demosd/noda/wp-content/plugins/bdevs-elementor/assets/js/bdevs-elementor8a54.js]
[shtheme.com/demosd/noda/wp-content/plugins/elementor/assets/js/webpack.runtime.minaad7.js]
[shtheme.com/demosd/noda/wp-content/plugins/elementor/assets/js/frontend-modules.minaad7.js]
[shtheme.com/demosd/noda/wp-content/plugins/elementor/assets/lib/waypoints/waypoints.min05da.js]
[shtheme.com/demosd/noda/wp-includes/js/jquery/ui/core.min3f14.js]
[shtheme.com/demosd/noda/wp-content/plugins/elementor/assets/js/frontend.minaad7.js]
[shtheme.com/demosd/noda/index5514.html]
[shtheme.com/demosd/noda/wp-content/plugins/contact-form-7/includes/css/styles69c8.css]
[shtheme.com/demosd/noda/wp-content/plugins/noda-common/redux-framework/redux-core/assets/css/extendify-utilitiescb95.css]
[shtheme.com/demosd/noda/wp-content/themes/noda/assets/css/bootstrap.min8f99.css]
[shtheme.com/demosd/noda/wp-content/themes/noda/assets/css/owl.carousel.min8f99.css]
[shtheme.com/demosd/noda/wp-content/themes/noda/assets/css/owl.theme.default.min8f99.css]
[shtheme.com/demosd/noda/wp-content/themes/noda/assets/css/animate.min8f99.css]
[shtheme.com/demosd/noda/wp-content/themes/noda/assets/fonts/Flaticon.eot]
[shtheme.com/demosd/noda/wp-content/themes/noda/assets/fonts/Flaticond41d.eot]
[shtheme.com/demosd/noda/wp-content/themes/noda/assets/fonts/Flaticon.woff]
[shtheme.com/demosd/noda/wp-content/themes/noda/assets/fonts/Flaticon.ttf]
[shtheme.com/demosd/noda/wp-content/themes/noda/assets/css/icon/flaticon8f99.css]
[shtheme.com/demosd/noda/wp-content/themes/noda/assets/fonts/Flaticon.svg]
[shtheme.com/demosd/noda/wp-content/themes/noda/assets/fonts/fa-brands-400.woff2]
[shtheme.com/demosd/noda/wp-content/themes/noda/assets/fonts/fa-brands-400.ttf]
[shtheme.com/demosd/noda/wp-content/themes/noda/assets/fonts/fa-duotone-900.woff2]
[shtheme.com/demosd/noda/wp-content/themes/noda/assets/fonts/fa-duotone-900.ttf]
[shtheme.com/demosd/noda/wp-content/themes/noda/assets/fonts/fa-light-300.woff2]
[shtheme.com/demosd/noda/wp-content/themes/noda/assets/fonts/fa-light-300.ttf]
[shtheme.com/demosd/noda/wp-content/themes/noda/assets/fonts/fa-regular-400.woff2]
[shtheme.com/demosd/noda/wp-content/themes/noda/assets/fonts/fa-regular-400.ttf]
[shtheme.com/demosd/noda/wp-content/themes/noda/assets/fonts/fa-solid-900.woff2]
[shtheme.com/demosd/noda/wp-content/themes/noda/assets/fonts/fa-solid-900.63.delayed]
[shtheme.com/demosd/noda/wp-content/themes/noda/assets/fonts/fa-thin-100.woff2]
[shtheme.com/demosd/noda/wp-content/themes/noda/assets/fonts/fa-thin-100.ttf]
[shtheme.com/demosd/noda/wp-content/themes/noda/assets/fonts/fa-v4compatibility.woff2]
[shtheme.com/demosd/noda/wp-content/themes/noda/assets/fonts/fa-v4compatibility.ttf]
[shtheme.com/demosd/noda/wp-content/themes/noda/assets/css/icon/font-awesome-pro8f99.css]
[shtheme.com/demosd/noda/wp-content/themes/noda/assets/css/magnific-popup8f99.css]
[shtheme.com/demosd/noda/wp-content/themes/noda/assets/css/close.png]
[shtheme.com/demosd/noda/wp-content/themes/noda/assets/css/YouTubePopUp8f99.css]
[shtheme.com/demosd/noda/wp-content/themes/noda/assets/css/vegas.slider.min8f99.css]
[shtheme.com/demosd/noda/wp-content/themes/noda/assets/css/before-after8f99.css]
[shtheme.com/demosd/noda/wp-content/themes/noda/stylebcc6.css]
[shtheme.com/demosd/noda/wp-content/plugins/elementor/assets/css/frontend-lite.minaad7.css]
[shtheme.com/demosd/noda/wp-content/plugins/elementor/assets/lib/swiper/v8/css/swiper.min94a4.css]
[shtheme.com/demosd/noda/wp-content/uploads/elementor/css/post-617e0.css]
[shtheme.com/demosd/noda/wp-content/uploads/elementor/css/global17e0.css]
[shtheme.com/demosd/noda/wp-content/plugins/noda-common/redux-framework/redux-core/assets/fonts/elusiveicons-webfont28b5.eot]
[shtheme.com/demosd/noda/wp-content/plugins/noda-common/redux-framework/redux-core/assets/fonts/elusiveicons-webfont28b5.woff]
[shtheme.com/demosd/noda/wp-content/plugins/noda-common/redux-framework/redux-core/assets/fonts/elusiveicons-webfontd41d.eot]
[shtheme.com/demosd/noda/wp-content/plugins/noda-common/redux-framework/redux-core/assets/css/vendor/elusive-icons001e.css]
[shtheme.com/demosd/noda/wp-content/plugins/noda-common/redux-framework/redux-core/assets/fonts/elusiveicons-webfont28b5.svg]
[shtheme.com/demosd/noda/wp-content/plugins/noda-common/redux-framework/redux-core/assets/fonts/elusiveicons-webfont28b5.ttf]
[shtheme.com/demosd/noda/wp-content/plugins/elementor/assets/lib/font-awesome/fonts/fontawesome-webfont3e6e.eot]
[shtheme.com/demosd/noda/wp-content/plugins/elementor/assets/lib/font-awesome/fonts/fontawesome-webfontd41d.eot]
[shtheme.com/demosd/noda/wp-content/plugins/elementor/assets/lib/font-awesome/fonts/fontawesome-webfont3e6e.woff2]
[shtheme.com/demosd/noda/wp-content/plugins/elementor/assets/lib/font-awesome/fonts/fontawesome-webfont3e6e.woff]
[shtheme.com/demosd/noda/wp-content/plugins/elementor/assets/lib/font-awesome/fonts/fontawesome-webfont3e6e.ttf]
[shtheme.com/demosd/noda/wp-content/plugins/elementor/assets/lib/font-awesome/css/font-awesome.min1849.css]
[shtheme.com/demosd/noda/wp-content/plugins/noda-common/redux-framework/redux-core/assets/font-awesome/css/v4-shims91f3.css]
[cdnjs.cloudflare.com/ajax/libs/font-awesome/5.9.0/css/allcb95.css]
[shtheme.com/demosd/noda/wp-includes/js/jquery/jquery.minf43b.js]
[shtheme.com/demosd/noda/wp-includes/js/jquery/jquery-migrate.min5589.js]
[shtheme.com/demosd/noda/indexa351.html]
[shtheme.com/demosd/noda/wp-content/themes/noda/assets/css/light/style.css]
[shtheme.com/demosd/noda/wp-content/plugins/elementor/assets/lib/font-awesome/fonts/fontawesome-webfont3e6e.svg]
[shtheme.com/demosd/noda/index00e3.json]
[shtheme.com/demosd/noda/indexdb7b.json]
[shtheme.com/demosd/noda/indexae1a.html]
[shtheme.com/demosd/noda/indexb473.php]
[shtheme.com/demosd/noda/index9514.json]
[shtheme.com/demosd/noda/indexb4f1.json]
[shtheme.com/demosd/noda/indexca31.php]
[shtheme.com/demosd/noda/index763e.html]
[shtheme.com/demosd/noda/index7dea.json]
[shtheme.com/demosd/noda/index6091.json]
[shtheme.com/demosd/noda/index71ac.php]
[shtheme.com/demosd/noda/wp-content/uploads/2023/12/makeup.mp4]
[shtheme.com/demosd/noda/indexf049.html]
[shtheme.com/demosd/noda/index34b4.json]
[shtheme.com/demosd/noda/index37ed.html]
[shtheme.com/demosd/noda/index89ea.json]
[shtheme.com/demosd/noda/index4530.html]
[shtheme.com/demosd/noda/indexe4f9.php]
[shtheme.com/demosd/noda/index6b28.json]
[shtheme.com/demosd/noda/index288c.html]
[shtheme.com/demosd/noda/indexeedd.json]
[shtheme.com/demosd/noda/index65e2.php]
[shtheme.com/demosd/noda/indexf62f.html]
[shtheme.com/demosd/noda/indexb2d7.json]
[shtheme.com/demosd/noda/index434e.json]
[shtheme.com/demosd/noda/indexa902.html]
[shtheme.com/demosd/noda/index3d2b.php]
[shtheme.com/demosd/noda/indexa711.json]
[shtheme.com/demosd/noda/indexda4a.json]
[shtheme.com/demosd/noda/index8121.html]
[shtheme.com/demosd/noda/index306e.php]
[shtheme.com/demosd/noda/index5b77.json]
[shtheme.com/demosd/noda/indexd9f9.json]
[shtheme.com/demosd/noda/index714a.html]
[shtheme.com/demosd/noda/index4d34.php]
[shtheme.com/demosd/noda/index6d0b.json]
[shtheme.com/demosd/noda/indexa1b4.json]
[shtheme.com/demosd/noda/index5b56.html]
[shtheme.com/demosd/noda/indexf868.php]
[shtheme.com/demosd/noda/index0c54.json]
[shtheme.com/demosd/noda/index4b3f.json]
[shtheme.com/demosd/noda/index7e08.php]
[shtheme.com/demosd/noda/wp-content/uploads/2023/12/b1.jpg]
[shtheme.com/demosd/noda/wp-content/uploads/2023/12/a1.jpg]
[shtheme.com/demosd/noda/wp-content/uploads/2023/12/b2.jpg]
[shtheme.com/demosd/noda/wp-content/uploads/2023/12/a2.jpg]
[shtheme.com/demosd/noda/index1703.html]
[shtheme.com/demosd/noda/index5ee2.json]
[shtheme.com/demosd/noda/index7742.json]
[shtheme.com/demosd/noda/index1b21.php]
[shtheme.com/demosd/noda/wp-content/uploads/2023/11/1-1.jpg]
[shtheme.com/demosd/noda/wp-content/uploads/2023/08/4.jpg]
[shtheme.com/demosd/noda/wp-content/uploads/2023/11/4-1.jpg]
[shtheme.com/demosd/noda/wp-content/uploads/2023/11/5-1.jpg]
[shtheme.com/demosd/noda/wp-content/uploads/2023/11/6.jpg]
[shtheme.com/demosd/noda/indexad75.html]
[shtheme.com/demosd/noda/index5f8b.json]
[shtheme.com/demosd/noda/indexebd3.json]
[shtheme.com/demosd/noda/indexfc4b.php]
[shtheme.com/demosd/noda/wp-content/uploads/2023/11/v1.jpg]
[shtheme.com/demosd/noda/wp-content/uploads/2023/11/v2.jpg]
[shtheme.com/demosd/noda/indexe6db.html]
[shtheme.com/demosd/noda/indexb38c.json]
[shtheme.com/demosd/noda/index6a6f.json]
[shtheme.com/demosd/noda/index36e1.html]
[shtheme.com/demosd/noda/index1333.php]
[shtheme.com/demosd/noda/indexe140.json]
[shtheme.com/demosd/noda/index287b.php]
[shtheme.com/demosd/noda/wp-content/uploads/2023/12/5-1.jpg]
[shtheme.com/demosd/noda/wp-content/uploads/2023/11/4.jpg]
[shtheme.com/demosd/noda/wp-content/uploads/2023/11/2.jpg]
[shtheme.com/demosd/noda/index760e.html]
[shtheme.com/demosd/noda/wp-includes/js/comment-reply.min8f99.js]
[shtheme.com/demosd/noda/index30cb.json]
[shtheme.com/demosd/noda/indexb266.php]
[shtheme.com/demosd/noda/wp-content/uploads/2023/10/2.jpg]
[shtheme.com/demosd/noda/indexacbb.html]
[shtheme.com/demosd/noda/index2bf5.json]
[shtheme.com/demosd/noda/indexc7d7.html]
[shtheme.com/demosd/noda/indexc227.php]
[shtheme.com/demosd/noda/wp-includes/css/dist/block-library/style.min8f99.css]
[shtheme.com/demosd/noda/indexa0d9.html]
[shtheme.com/demosd/noda/indexdb55.json]
[shtheme.com/demosd/noda/index22ed.json]
[shtheme.com/demosd/noda/index3ba0.html]
[shtheme.com/demosd/noda/index5585.php]
[shtheme.com/demosd/noda/index08f8.json]
[shtheme.com/demosd/noda/index4ea0.html]
[shtheme.com/demosd/noda/indexb74e.json]
[shtheme.com/demosd/noda/indexbb82.html]
[shtheme.com/demosd/noda/index3462.php]
[shtheme.com/demosd/noda/indexf2c6.json]
[shtheme.com/demosd/noda/indexecd6.json]
[shtheme.com/demosd/noda/index0594.html]
[shtheme.com/demosd/noda/index678f.php]
[shtheme.com/demosd/noda/index06e8.json]
[shtheme.com/demosd/noda/indexd6ac.json]
[shtheme.com/demosd/noda/index41b9.php]
[shtheme.com/demosd/noda/wp-content/uploads/2023/11/5.jpg]
[shtheme.com/demosd/noda/wp-content/uploads/2023/11/3.jpg]
[shtheme.com/demosd/noda/wp-content/uploads/2023/11/1.jpg]
[shtheme.com/demosd/noda/indexedfb.html]
[shtheme.com/demosd/noda/index3d19.html]
[shtheme.com/demosd/noda/indexd723.html]
[shtheme.com/demosd/noda/indexa999.html]
[shtheme.com/demosd/noda/index40d6.html]
[shtheme.com/demosd/noda/index8a1f.html]
[shtheme.com/demosd/noda/index9614.json]
[shtheme.com/demosd/noda/indexbccc.html]
[shtheme.com/demosd/noda/indexfc4b.html]
[shtheme.com/demosd/noda/indexf23e.json]
[shtheme.com/demosd/noda/index304d.html]
[shtheme.com/demosd/noda/index0e9e.html]
[shtheme.com/demosd/noda/indexc73e.html]
[shtheme.com/demosd/noda/indexb635.php]
[shtheme.com/demosd/noda/index0b23.html]
[shtheme.com/demosd/noda/index970a.html]
[shtheme.com/demosd/noda/index269b.html]
[shtheme.com/demosd/noda/index3d1b.json]
[shtheme.com/demosd/noda/index346e.html]
[shtheme.com/demosd/noda/indexa830.php]
[shtheme.com/demosd/noda/index06d7.json]
[shtheme.com/demosd/noda/index65e2.html]
[shtheme.com/demosd/noda/index8e0a.php]
[shtheme.com/demosd/noda/index3cb1.json]
[shtheme.com/demosd/noda/index3526.html]
[shtheme.com/demosd/noda/indexba9f.php]
[shtheme.com/demosd/noda/indexab29.json]
[shtheme.com/demosd/noda/indexc33b.html]
[shtheme.com/demosd/noda/indexce6d.php]
[shtheme.com/demosd/noda/index154c.json]
[shtheme.com/demosd/noda/index21bf.html]
[shtheme.com/demosd/noda/index74f8.php]
[shtheme.com/demosd/noda/index7664.json]
[shtheme.com/demosd/noda/index8271.html]
[shtheme.com/demosd/noda/index57e2.php]
[shtheme.com/demosd/noda/index992b.json]
[shtheme.com/demosd/noda/index44d8.php]
[shtheme.com/demosd/noda/index8cb4.html]
[shtheme.com/demosd/noda/index0bab.json]
[shtheme.com/demosd/noda/index605b.html]
[shtheme.com/demosd/noda/index1fc4.php]
[shtheme.com/demosd/noda/indexf302.json]
[shtheme.com/demosd/noda/index25cd.html]
[shtheme.com/demosd/noda/wp-content/themes/noda/assets/css/dark/style.css]
[shtheme.com/demosd/noda/wp-content/uploads/2023/12/logo-light.png]
[shtheme.com/demosd/noda/indexb946.html]
[shtheme.com/demosd/noda/index2c08.json]
[shtheme.com/demosd/noda/indexaa1e.html]
[shtheme.com/demosd/noda/index.html]
[shtheme.com/demosd/noda/index611b.html]
[shtheme.com/demosd/noda/indexdb4c.html]
[shtheme.com/demosd/noda/index6986.html]
[shtheme.com/demosd/noda/indexa0ed.html]
[shtheme.com/demosd/noda/indexf850.json]
[shtheme.com/demosd/noda/indexf92f.html]
[shtheme.com/demosd/noda/index07d4.html]
[shtheme.com/demosd/noda/index3429.html]
[shtheme.com/demosd/noda/index7519.json]
[shtheme.com/demosd/noda/indexa656.html]
[shtheme.com/demosd/noda/indexe138.html]
[shtheme.com/demosd/noda/index9d10.html]
[shtheme.com/demosd/noda/index01ab.php]
[shtheme.com/demosd/noda/indexfbd5.html]
[shtheme.com/demosd/noda/indexa56c.html]
[shtheme.com/demosd/noda/index4a52.html]
[shtheme.com/demosd/noda/index92ac.html]
[shtheme.com/demosd/noda/index0752.html]
[shtheme.com/demosd/noda/index1c4a.html]
[shtheme.com/demosd/noda/index9eaf.json]
[shtheme.com/demosd/noda/index81ea.html]
[shtheme.com/demosd/noda/index7163.html]
[shtheme.com/demosd/noda/indexe0eb.html]
[shtheme.com/demosd/noda/indexf536.html]
[shtheme.com/demosd/noda/indexae05.html]
[shtheme.com/demosd/noda/indexc7e3.html]
[shtheme.com/demosd/noda/index60bc.json]
[shtheme.com/demosd/noda/indexbbc0.html]
[shtheme.com/demosd/noda/index5757.html]
[shtheme.com/demosd/noda/index970c.html]
[shtheme.com/demosd/noda/indexd91c.json]
[shtheme.com/demosd/noda/indexb57b.html]
[shtheme.com/demosd/noda/index9cd7.html]
[shtheme.com/demosd/noda/index7c11.html]
[shtheme.com/demosd/noda/index9020.html]
[shtheme.com/demosd/noda/index3490.php]
[shtheme.com/demosd/noda/index4170.html]
[shtheme.com/demosd/noda/index0829.html]
[shtheme.com/demosd/noda/index5590.html]
[shtheme.com/demosd/noda/index5395.json]
[shtheme.com/demosd/noda/index40ac.html]
[shtheme.com/demosd/noda/index6108.html]
[shtheme.com/demosd/noda/index5c18.json]
[shtheme.com/demosd/noda/index49b1.html]
[shtheme.com/demosd/noda/index09f5.php]
[shtheme.com/demosd/noda/index04a2.json]
[shtheme.com/demosd/noda/index3f7b.html]
[shtheme.com/demosd/noda/indexb63a.html]
[shtheme.com/demosd/noda/indexcdde.html]
[shtheme.com/demosd/noda/index1fb2.json]
[shtheme.com/demosd/noda/indexc1e4.html]
[shtheme.com/demosd/noda/index44b7.json]
[shtheme.com/demosd/noda/index5e74.html]
[shtheme.com/demosd/noda/hi@makeup.html]
[shtheme.com/demosd/noda/indexebb2.php]
[shtheme.com/demosd/noda/t]
[shtheme.com/demosd/noda/wp-content/plugins/contact-form-7/includes/swv/js/index69c8.js]
[shtheme.com/demosd/noda/wp-content/plugins/contact-form-7/includes/js/index69c8.js]
[shtheme.com/demosd/noda/wp-content/themes/noda/assets/js/jquery-3.7.1.min8f99.js]
[shtheme.com/demosd/noda/wp-content/themes/noda/assets/js/modernizr-2.6.2.min8f99.js]
[shtheme.com/demosd/noda/wp-includes/js/imagesloaded.minbb93.js]
[shtheme.com/demosd/noda/wp-content/themes/noda/assets/js/jquery.isotope.v3.0.28f99.js]
[shtheme.com/demosd/noda/wp-content/themes/noda/assets/js/popper.min8f99.js]
[shtheme.com/demosd/noda/wp-content/themes/noda/assets/js/bootstrap.min8f99.js]
[shtheme.com/demosd/noda/wp-content/themes/noda/assets/js/scrollIt.min8f99.js]
[shtheme.com/demosd/noda/wp-content/themes/noda/assets/js/jquery.waypoints.min8f99.js]
[shtheme.com/demosd/noda/wp-content/themes/noda/assets/js/owl.carousel.min8f99.js]
[shtheme.com/demosd/noda/wp-content/themes/noda/assets/js/jquery.stellar.min8f99.js]
[shtheme.com/demosd/noda/wp-content/themes/noda/assets/js/jquery.magnific-popup8f99.js]
[shtheme.com/demosd/noda/wp-content/themes/noda/assets/js/YouTubePopUp8f99.js]
[shtheme.com/demosd/noda/index151c.html]
[shtheme.com/demosd/noda/GET]
[shtheme.com/demosd/noda/wp-content/themes/noda/assets/js/before-after8f99.js]
[shtheme.com/demosd/noda/wp-content/themes/noda/assets/js/jquery.easing.1.38f99.js]
[shtheme.com/demosd/noda/wp-content/themes/noda/assets/js/smooth-scroll.min8f99.js]
[shtheme.com/demosd/noda/wp-content/themes/noda/assets/js/wow8f99.js]
[shtheme.com/demosd/noda/wp-content/themes/noda/assets/js/vegas.slider.min8f99.js]
[shtheme.com/demosd/noda/wp-content/themes/noda/assets/js/custom8f99.js]
[shtheme.com/demosd/noda/wp-content/plugins/bdevs-elementor/assets/js/bdevs-elementor8a54.js]
[shtheme.com/demosd/noda/wp-content/plugins/elementor/assets/js/webpack.runtime.minaad7.js]
[shtheme.com/demosd/noda/wp-content/plugins/elementor/assets/js/frontend-modules.minaad7.js]
[shtheme.com/demosd/noda/wp-content/plugins/elementor/assets/lib/waypoints/waypoints.min05da.js]
[shtheme.com/demosd/noda/wp-includes/js/jquery/ui/core.min3f14.js]
[shtheme.com/demosd/noda/flickr.com/photos/index.html]
[shtheme.com/demosd/noda/-negative.svg]
[shtheme.com/demosd/noda/wp-content/plugins/elementor/assets/js/frontend.minaad7.js]
[www.duruthemes.com/idesign/Roboto-v3/css/plugins/owl.video.play.html]
[shtheme.com/demosd/noda/wp-content/themes/noda/assets/fonts/Flaticon.svg]
[shtheme.com/demosd/noda/wp-content/themes/noda/assets/fonts/fa-brands-400.html]
[shtheme.com/demosd/noda/wp-content/themes/noda/assets/fonts/fa-duotone-900.html]
[shtheme.com/demosd/noda/wp-content/themes/noda/assets/fonts/fa-duotone-901.html]
[shtheme.com/demosd/noda/wp-content/themes/noda/assets/fonts/fa-light-300.html]
[shtheme.com/demosd/noda/wp-content/themes/noda/assets/fonts/fa-regular-400.html]
[shtheme.com/demosd/noda/wp-content/themes/noda/assets/fonts/fa-solid-900.html]
[shtheme.com/demosd/noda/wp-content/themes/noda/assets/fonts/fa-thin-100.html]
[shtheme.com/demosd/noda/wp-content/themes/noda/assets/fonts/fa-thin-101.html]
[shtheme.com/demosd/noda/wp-content/themes/noda/assets/fonts/fa-v4compatibility.html]
[shtheme.com/demosd/noda/wp-content/themes/noda/assets/fonts/fa-v4compatibility-2.html]
[shtheme.com/demosd/noda/wp-content/plugins/noda-common/redux-framework/redux-core/assets/fonts/elusiveicons-webfont28b5.svg]
[shtheme.com/demosd/noda/OPR/index.html]
[shtheme.com/demosd/noda/wp-content/plugins/elementor/assets/lib/font-awesome/fonts/fontawesome-webfont3e6e.svg]
[shtheme.com/demosd/noda/index767a.html]
[shtheme.com/demosd/noda/index25b8.html]
[shtheme.com/demosd/noda/index5e3b.html]
[shtheme.com/demosd/noda/indexa242.json]
[shtheme.com/demosd/noda/index1af5.json]
[shtheme.com/demosd/noda/index37ed.html]
[shtheme.com/demosd/noda/indexe933.php]
[shtheme.com/demosd/noda/indexb63e.html]
[shtheme.com/demosd/noda/index4755.html]
[shtheme.com/demosd/noda/index3c01.html]
[shtheme.com/demosd/noda/index3440.html]
[shtheme.com/demosd/noda/indexf3f0.html]
[shtheme.com/demosd/noda/index2204.json]
[shtheme.com/demosd/noda/indexa187.json]
[shtheme.com/demosd/noda/index288c.html]
[shtheme.com/demosd/noda/indexdb84.html]
[shtheme.com/demosd/noda/indexe982.html]
[shtheme.com/demosd/noda/indexd526.html]
[shtheme.com/demosd/noda/index50ba.html]
[shtheme.com/demosd/noda/index28bc.html]
[shtheme.com/demosd/noda/indexcaae.html]
[shtheme.com/demosd/noda/index092b.html]
[shtheme.com/demosd/noda/indexfe50.html]
[shtheme.com/demosd/noda/index63e6.html]
[shtheme.com/demosd/noda/index0ffb.html]
[shtheme.com/demosd/noda/indexdd01.html]
[shtheme.com/demosd/noda/wp-includes/js/comment-reply.min8f99.js]
[shtheme.com/demosd/noda/index654a.html]
[shtheme.com/demosd/noda/index8c55.html]
[shtheme.com/demosd/noda/index5eba.html]
[shtheme.com/demosd/noda/index47ff.php]
[shtheme.com/demosd/noda/indexa80c.html]
[shtheme.com/demosd/noda/wp-includes/css/dist/block-library/style.min8f99.css]
[shtheme.com/demosd/noda/index4ea0.html]
[shtheme.com/demosd/noda/indexa290.html]
[shtheme.com/demosd/noda/index5eda.html]
[shtheme.com/demosd/noda/indexe9b4.html]
[shtheme.com/demosd/noda/index3d19.html]
[shtheme.com/demosd/noda/indexc781.html]
[shtheme.com/demosd/noda/indexc972.html]
[shtheme.com/demosd/noda/indexa999.html]
[shtheme.com/demosd/noda/indexd723.html]
[shtheme.com/demosd/noda/index40d6.html]
[shtheme.com/demosd/noda/index8a1f.html]
[shtheme.com/demosd/noda/indexbccc.html]
[shtheme.com/demosd/noda/indexfaa6.html]
[shtheme.com/demosd/noda/index6a6b.html]
[shtheme.com/demosd/noda/indexb489.json]
[shtheme.com/demosd/noda/indexfc4b.html]
[shtheme.com/demosd/noda/index91b4.html]
[shtheme.com/demosd/noda/indexdd40.json]
[shtheme.com/demosd/noda/index304d.html]
[shtheme.com/demosd/noda/indexb432.html]
[shtheme.com/demosd/noda/indexdfc9.html]
[shtheme.com/demosd/noda/index952e.html]
[shtheme.com/demosd/noda/indexeed7.html]
[shtheme.com/demosd/noda/indexd901.json]
[shtheme.com/demosd/noda/index0e9e.html]
[shtheme.com/demosd/noda/indexff1d.json]
[shtheme.com/demosd/noda/indexc73e.html]
[shtheme.com/demosd/noda/index0890.html]
[shtheme.com/demosd/noda/index78f2.html]
[shtheme.com/demosd/noda/index2240.json]
[shtheme.com/demosd/noda/index970a.html]
[shtheme.com/demosd/noda/indexd3c7.html]
[shtheme.com/demosd/noda/index409f.html]
[shtheme.com/demosd/noda/indexff5d.html]
[shtheme.com/demosd/noda/index63ba.html]
[shtheme.com/demosd/noda/index9f80.json]
[shtheme.com/demosd/noda/index269b.html]
[shtheme.com/demosd/noda/wp-content/uploads/elementor/css/post-3711109.css]
[shtheme.com/demosd/noda/index9f0a.html]
[shtheme.com/demosd/noda/index9a8b.html]
[shtheme.com/demosd/noda/indexf47a.html]
[shtheme.com/demosd/noda/index6db8.html]
[shtheme.com/demosd/noda/index5294.html]
[shtheme.com/demosd/noda/indexfaa1.html]
[shtheme.com/demosd/noda/index22a6.html]
[shtheme.com/demosd/noda/index4a7b.html]
[shtheme.com/demosd/noda/index61da.html]
[shtheme.com/demosd/noda/index9f83.html]
[shtheme.com/demosd/noda/index50ca.html]
[shtheme.com/demosd/noda/indexa1a5.html]
[shtheme.com/demosd/noda/indexc9bf.html]
[shtheme.com/demosd/noda/index95d0.html]
[shtheme.com/demosd/noda/indexc140.html]
[shtheme.com/demosd/noda/index1bad.html]
[shtheme.com/demosd/noda/index905c.html]
[shtheme.com/demosd/noda/index2459.html]
[shtheme.com/demosd/noda/index001e.html]
[shtheme.com/demosd/noda/indexdaa7.html]
[shtheme.com/demosd/noda/index119b.html]
[shtheme.com/demosd/noda/indexfdfb.html]
[shtheme.com/demosd/noda/indexd5db.html]
[shtheme.com/demosd/noda/index3c39.html]
[shtheme.com/demosd/noda/index1a93.html]
[shtheme.com/demosd/noda/wp-content/themes/noda/assets/css/dark/style.css]
[shtheme.com/demosd/noda/index1db1.json]
[shtheme.com/demosd/noda/indexe96d.html]
[shtheme.com/demosd/noda/index334f.json]
[shtheme.com/demosd/noda/index7b06.php]
[shtheme.com/demosd/noda/wp-content/uploads/2023/12/1.png]
[shtheme.com/demosd/noda/wp-content/uploads/2023/12/2.png]
[shtheme.com/demosd/noda/wp-content/uploads/2023/12/3.png]
[shtheme.com/demosd/noda/wp-content/uploads/2023/12/4.png]
[shtheme.com/demosd/noda/wp-content/uploads/2023/12/5.png]
[shtheme.com/demosd/noda/wp-content/uploads/2023/12/6.png]
[shtheme.com/demosd/noda/wp-content/uploads/2023/11/5-2.jpg]
[shtheme.com/demosd/noda/wp-content/uploads/2023/09/3.jpg]
[shtheme.com/demosd/noda/index.html]
[shtheme.com/demosd/noda/indexa019.html]
[shtheme.com/demosd/noda/index5699.html]
[shtheme.com/demosd/noda/index85a2.html]
[shtheme.com/demosd/noda/index5497.html]
[shtheme.com/demosd/noda/indexb602.json]
[shtheme.com/demosd/noda/indexdc25.json]
[shtheme.com/demosd/noda/index611b.html]
[shtheme.com/demosd/noda/indexcaed.php]
[shtheme.com/demosd/noda/index41aa.json]
[shtheme.com/demosd/noda/indexa80a.json]
[shtheme.com/demosd/noda/indexdb4c.html]
[shtheme.com/demosd/noda/index555e.php]
[shtheme.com/demosd/noda/indexc0c5.json]
[shtheme.com/demosd/noda/indexcd0f.json]
[shtheme.com/demosd/noda/index6986.html]
[shtheme.com/demosd/noda/indexad75.php]
[shtheme.com/demosd/noda/index6d94.json]
[shtheme.com/demosd/noda/index7747.json]
[shtheme.com/demosd/noda/indexa0ed.html]
[shtheme.com/demosd/noda/index5434.php]
[shtheme.com/demosd/noda/index4df0.json]
[shtheme.com/demosd/noda/indexd974.json]
[shtheme.com/demosd/noda/indexf92f.html]
[shtheme.com/demosd/noda/indexb1f7.php]
[shtheme.com/demosd/noda/index7f5d.json]
[shtheme.com/demosd/noda/indexf840.json]
[shtheme.com/demosd/noda/index07d4.html]
[shtheme.com/demosd/noda/index7261.php]
[shtheme.com/demosd/noda/indexee2e.json]
[shtheme.com/demosd/noda/index4290.json]
[shtheme.com/demosd/noda/index3429.html]
[shtheme.com/demosd/noda/index65e8.php]
[shtheme.com/demosd/noda/indexf629.json]
[shtheme.com/demosd/noda/index73c6.json]
[shtheme.com/demosd/noda/indexa656.html]
[shtheme.com/demosd/noda/index51bf.php]
[shtheme.com/demosd/noda/indexbd11.json]
[shtheme.com/demosd/noda/index276b.json]
[shtheme.com/demosd/noda/indexe138.html]
[shtheme.com/demosd/noda/indexde16.php]
[shtheme.com/demosd/noda/indexddbe.json]
[shtheme.com/demosd/noda/index668b.json]
[shtheme.com/demosd/noda/index9d10.html]
[shtheme.com/demosd/noda/index8229.php]
[shtheme.com/demosd/noda/index9489.json]
[shtheme.com/demosd/noda/index6ad9.json]
[shtheme.com/demosd/noda/indexa56c.html]
[shtheme.com/demosd/noda/indexe6f9.php]
[shtheme.com/demosd/noda/index7008.json]
[shtheme.com/demosd/noda/index4a52.html]
[shtheme.com/demosd/noda/indexbd1d.php]
[shtheme.com/demosd/noda/indexe84c.json]
[shtheme.com/demosd/noda/index92ac.html]
[shtheme.com/demosd/noda/index7441.php]
[shtheme.com/demosd/noda/index271d.json]
[shtheme.com/demosd/noda/index0752.html]
[shtheme.com/demosd/noda/indexc8ec.php]
[shtheme.com/demosd/noda/index5a4a.json]
[shtheme.com/demosd/noda/indexe338.html]
[shtheme.com/demosd/noda/index092c.json]
[shtheme.com/demosd/noda/index1c4a.html]
[shtheme.com/demosd/noda/indexa341.php]
[shtheme.com/demosd/noda/indexb41e.json]
[shtheme.com/demosd/noda/index5948.html]
[shtheme.com/demosd/noda/index4e9d.json]
[shtheme.com/demosd/noda/index7163.html]
[shtheme.com/demosd/noda/indexfb80.php]
[shtheme.com/demosd/noda/index5ee4.json]
[shtheme.com/demosd/noda/indexae8b.json]
[shtheme.com/demosd/noda/indexe0eb.html]
[shtheme.com/demosd/noda/indexf536.html]
[shtheme.com/demosd/noda/indexe0df.php]
[shtheme.com/demosd/noda/index5b77.html]
[shtheme.com/demosd/noda/indexdd46.json]
[shtheme.com/demosd/noda/index1e31.json]
[shtheme.com/demosd/noda/indexae05.html]
[shtheme.com/demosd/noda/index5f6e.php]
[shtheme.com/demosd/noda/index1feb.json]
[shtheme.com/demosd/noda/indexc887.html]
[shtheme.com/demosd/noda/indexad56.json]
[shtheme.com/demosd/noda/index3c65.php]
[shtheme.com/demosd/noda/indexc7e3.html]
[shtheme.com/demosd/noda/index4d41.json]
[shtheme.com/demosd/noda/indexa9b6.html]
[shtheme.com/demosd/noda/index0c40.html]
[shtheme.com/demosd/noda/index2396.json]
[shtheme.com/demosd/noda/index5757.html]
[shtheme.com/demosd/noda/index2853.php]
[shtheme.com/demosd/noda/indexfcd8.json]
[shtheme.com/demosd/noda/index15f5.html]
[shtheme.com/demosd/noda/indexc16f.html]
[shtheme.com/demosd/noda/index12ea.json]
[shtheme.com/demosd/noda/index970c.html]
[shtheme.com/demosd/noda/index0e18.php]
[shtheme.com/demosd/noda/index7690.json]
[shtheme.com/demosd/noda/indexd1e6.html]
[shtheme.com/demosd/noda/index9077.html]
[shtheme.com/demosd/noda/indexf911.json]
[shtheme.com/demosd/noda/index9cd7.html]
[shtheme.com/demosd/noda/index7c11.html]
[shtheme.com/demosd/noda/index5590.html]
[shtheme.com/demosd/noda/index40ac.html]
[shtheme.com/demosd/noda/indexcdde.html]
[shtheme.com/demosd/noda/index151c.html]
[shtheme.com/demosd/noda/t.html]
[shtheme.com/demosd/noda/flickr.com/photos/index.html]
[shtheme.com/demosd/noda/GET.html]
[shtheme.com/demosd/noda/-negative.html]
[shtheme.com/demosd/noda/OPR/index.html]
[shtheme.com/demosd/noda/indexfe24.html]
[shtheme.com/demosd/noda/index2e89.php]
[shtheme.com/demosd/noda/index21d1.json]
[shtheme.com/demosd/noda/index4cd9.html]
[shtheme.com/demosd/noda/index68c1.html]
[shtheme.com/demosd/noda/index4755.html]
[shtheme.com/demosd/noda/index15c0.php]
[shtheme.com/demosd/noda/index3bda.json]
[shtheme.com/demosd/noda/index3c01.html]
[shtheme.com/demosd/noda/index8434.php]
[shtheme.com/demosd/noda/indexc1d0.json]
[shtheme.com/demosd/noda/indexf3f0.html]
[shtheme.com/demosd/noda/index9712.php]
[shtheme.com/demosd/noda/index1382.json]
[shtheme.com/demosd/noda/index3440.html]
[shtheme.com/demosd/noda/indexfcc0.html]
[shtheme.com/demosd/noda/indexc972.html]
[shtheme.com/demosd/noda/indexc781.html]
[shtheme.com/demosd/noda/index6a6b.html]
[shtheme.com/demosd/noda/indexfaa6.html]
[shtheme.com/demosd/noda/indexdfc9.html]
[shtheme.com/demosd/noda/indexeed7.html]
[shtheme.com/demosd/noda/index78f2.html]
[shtheme.com/demosd/noda/indexbb64.php]
[shtheme.com/demosd/noda/index409f.html]
[shtheme.com/demosd/noda/indexf9ab.html]
[shtheme.com/demosd/noda/indexdab0.html]
[shtheme.com/demosd/noda/index6a28.html]
[shtheme.com/demosd/noda/indexff5d.html]
[shtheme.com/demosd/noda/index4a7b.html]
[shtheme.com/demosd/noda/index61da.html]
[shtheme.com/demosd/noda/index9f83.html]
[shtheme.com/demosd/noda/index22a6.html]
[shtheme.com/demosd/noda/index119b.html]
[shtheme.com/demosd/noda/index001e.html]
[shtheme.com/demosd/noda/indexdaa7.html]
[shtheme.com/demosd/noda/indexfdfb.html]
[shtheme.com/demosd/noda/indexe96d.html]
[shtheme.com/demosd/noda/index246b.html]
[shtheme.com/demosd/noda/index4e36.json]
[shtheme.com/demosd/noda/indexbcb3.html]
[shtheme.com/demosd/noda/indexaa05.html]
[shtheme.com/demosd/noda/indexa019.html]
[shtheme.com/demosd/noda/index1693.php]
[shtheme.com/demosd/noda/index8f38.json]
[shtheme.com/demosd/noda/index5699.html]
[shtheme.com/demosd/noda/index8e8a.php]
[shtheme.com/demosd/noda/indexc398.json]
[shtheme.com/demosd/noda/index85a2.html]
[shtheme.com/demosd/noda/indexae21.php]
[shtheme.com/demosd/noda/indexfa01.json]
[shtheme.com/demosd/noda/index5497.html]
[shtheme.com/demosd/noda/indexd52c.html]
[shtheme.com/demosd/noda/indexf8ad.html]
[shtheme.com/demosd/noda/index9c73.html]
[shtheme.com/demosd/noda/index6289.html]
[shtheme.com/demosd/noda/indexe6f0.html]
[shtheme.com/demosd/noda/index778b.html]
[shtheme.com/demosd/noda/indexdba8.html]
[shtheme.com/demosd/noda/index3dea.html]
[shtheme.com/demosd/noda/indexfded.html]
[shtheme.com/demosd/noda/indexa1e2.html]
[shtheme.com/demosd/noda/index61a9.html]
[shtheme.com/demosd/noda/indexa8e1.html]
[shtheme.com/demosd/noda/indexb773.html]
[shtheme.com/demosd/noda/index41db.html]
[shtheme.com/demosd/noda/index1031.html]
[shtheme.com/demosd/noda/index1211.html]
[shtheme.com/demosd/noda/index142b.php]
[shtheme.com/demosd/noda/index8816.html]
[shtheme.com/demosd/noda/index5948.html]
[shtheme.com/demosd/noda/index12e9.html]
[shtheme.com/demosd/noda/index0721.html]
[shtheme.com/demosd/noda/index5b77.html]
[shtheme.com/demosd/noda/indexf2ac.html]
[shtheme.com/demosd/noda/indexb079.html]
[shtheme.com/demosd/noda/index00c3.html]
[shtheme.com/demosd/noda/wp-content/uploads/elementor/css/post-3704665.css]
[shtheme.com/demosd/noda/index12d0.html]
[shtheme.com/demosd/noda/index0c40.html]
[shtheme.com/demosd/noda/indexc16f.html]
[shtheme.com/demosd/noda/index9077.html]
[shtheme.com/demosd/noda/index4cd9.html]
[shtheme.com/demosd/noda/index68c1.html]
[shtheme.com/demosd/noda/indexa4df.html]
[shtheme.com/demosd/noda/index3cee.html]
[shtheme.com/demosd/noda/index502d.html]
[shtheme.com/demosd/noda/indexd06c.html]
[shtheme.com/demosd/noda/index250e.html]
[shtheme.com/demosd/noda/index7ede.html]
[shtheme.com/demosd/noda/index6150.html]
[shtheme.com/demosd/noda/index48e5.html]
[shtheme.com/demosd/noda/index8c8e.html]
[shtheme.com/demosd/noda/index71b4.html]
[shtheme.com/demosd/noda/indexfc98.html]
[shtheme.com/demosd/noda/indexca25.html]
[shtheme.com/demosd/noda/indexf9ab.html]
[shtheme.com/demosd/noda/indexdab0.html]
[shtheme.com/demosd/noda/index6a28.html]
[shtheme.com/demosd/noda/index246b.html]
[shtheme.com/demosd/noda/indexaa05.html]
[shtheme.com/demosd/noda/indexbcb3.html]
[shtheme.com/demosd/noda/indexca26.html]
[shtheme.com/demosd/noda/indexdc0d.html]
[shtheme.com/demosd/noda/index1ebd.html]
[shtheme.com/demosd/noda/indexe4c6.html]
[shtheme.com/demosd/noda/index889d.html]
[shtheme.com/demosd/noda/indexa5fd.html]
[shtheme.com/demosd/noda/index156c.html]
[shtheme.com/demosd/noda/index7404.html]
[shtheme.com/demosd/noda/index1ede.html]
[shtheme.com/demosd/noda/indexbd68.html]
[shtheme.com/demosd/noda/indexa212.html]
[shtheme.com/demosd/noda/indexcf9a.html]
[shtheme.com/demosd/noda/indexb079.html]
[shtheme.com/demosd/noda/indexf2ac.html]
[shtheme.com/demosd/noda/index00c3.html]
[shtheme.com/demosd/noda/index7ede.html]
[shtheme.com/demosd/noda/index8c8e.html]
[shtheme.com/demosd/noda/index71b4.html]
[shtheme.com/demosd/noda/indexfc98.html]
[shtheme.com/demosd/noda/indexa5fd.html]
[shtheme.com/demosd/noda/index1ede.html]
[shtheme.com/demosd/noda/indexbd68.html]
[shtheme.com/demosd/noda/indexa212.html]
[shtheme.com/demosd/noda/index31a6.html]
[shtheme.com/demosd/noda/index31a6.html]
